ERC report (2026-09-20T19:59:37, Encoding UTF8)
Report includes: Errors, Warnings, Exclusions

***** Sheet /
[pin_not_connected]: Pin not connected
    ; error
    @(1350 mils, 3300 mils): Symbol J1 Pin 6 [Pin_6, Passive, Line]
[pin_not_connected]: Pin not connected
    ; error
    @(1550 mils, 7350 mils): Symbol power Pin 3 [C, Passive, Line]
[power_pin_not_driven]: Input Power pin not driven by any Output Power pins
    ; error
    @(1800 mils, 4750 mils): Symbol U3 Pin 2 [VCC, Power input, Line]
[pin_not_connected]: Pin not connected
    ; error
    @(2050 mils, 1250 mils): Symbol U2 Pin 4 [MOSI, Input, Line]
[pin_not_driven]: Input pin not driven by any Output pins
    ; error
    @(2050 mils, 1250 mils): Symbol U2 Pin 4 [MOSI, Input, Line]
[pin_not_connected]: Pin not connected
    ; error
    @(2050 mils, 1350 mils): Symbol U2 Pin 5 [MISO, Output, Line]
[pin_not_connected]: Pin not connected
    ; error
    @(2050 mils, 1450 mils): Symbol U2 Pin 3 [SCK, Input, Clock]
[pin_not_driven]: Input pin not driven by any Output pins
    ; error
    @(2050 mils, 1450 mils): Symbol U2 Pin 3 [SCK, Input, Clock]
[pin_not_connected]: Pin not connected
    ; error
    @(2050 mils, 1550 mils): Symbol U2 Pin 2 [CSN, Input, Line]
[pin_not_driven]: Input pin not driven by any Output pins
    ; error
    @(2050 mils, 1550 mils): Symbol U2 Pin 2 [CSN, Input, Line]
[pin_not_connected]: Pin not connected
    ; error
    @(2050 mils, 1750 mils): Symbol U2 Pin 1 [CE, Input, Line]
[pin_not_driven]: Input pin not driven by any Output pins
    ; error
    @(2050 mils, 1750 mils): Symbol U2 Pin 1 [CE, Input, Line]
[pin_not_connected]: Pin not connected
    ; error
    @(2050 mils, 1850 mils): Symbol U2 Pin 6 [IRQ, Output, Line]
[pin_not_connected]: Pin not connected
    ; error
    @(2050 mils, 2050 mils): Symbol U2 Pin 16 [IREF, Passive, Line]
[pin_not_connected]: Pin not connected
    ; error
    @(2050 mils, 2250 mils): Symbol U2 Pin 19 [DVDD, Power output, Line]
[pin_not_connected]: Pin not connected
    ; error
    @(2550 mils, 950 mils): Symbol U2 Pin 7 [VDD, Power input, Line]
[power_pin_not_driven]: Input Power pin not driven by any Output Power pins
    ; error
    @(2550 mils, 950 mils): Symbol U2 Pin 7 [VDD, Power input, Line]
[pin_not_connected]: Pin not connected
    ; error
    @(2550 mils, 2550 mils): Symbol U2 Pin 8 [VSS, Power input, Line]
[power_pin_not_driven]: Input Power pin not driven by any Output Power pins
    ; error
    @(2550 mils, 2550 mils): Symbol U2 Pin 8 [VSS, Power input, Line]
[pin_not_connected]: Pin not connected
    ; error
    @(2650 mils, 950 mils): Symbol U2 Pin 15 [VDD, Power input, Line]
[power_pin_not_driven]: Input Power pin not driven by any Output Power pins
    ; error
    @(2650 mils, 950 mils): Symbol U2 Pin 15 [VDD, Power input, Line]
[pin_not_connected]: Pin not connected
    ; error
    @(2650 mils, 2550 mils): Symbol U2 Pin 14 [VSS, Power input, Line]
[power_pin_not_driven]: Input Power pin not driven by any Output Power pins
    ; error
    @(2650 mils, 2550 mils): Symbol U2 Pin 14 [VSS, Power input, Line]
[pin_not_connected]: Pin not connected
    ; error
    @(2750 mils, 950 mils): Symbol U2 Pin 18 [VDD, Power input, Line]
[power_pin_not_driven]: Input Power pin not driven by any Output Power pins
    ; error
    @(2750 mils, 950 mils): Symbol U2 Pin 18 [VDD, Power input, Line]
[pin_not_connected]: Pin not connected
    ; error
    @(2750 mils, 2550 mils): Symbol U2 Pin 17 [VSS, Power input, Line]
[power_pin_not_driven]: Input Power pin not driven by any Output Power pins
    ; error
    @(2750 mils, 2550 mils): Symbol U2 Pin 17 [VSS, Power input, Line]
[pin_not_connected]: Pin not connected
    ; error
    @(2850 mils, 2550 mils): Symbol U2 Pin 20 [VSS, Power input, Line]
[power_pin_not_driven]: Input Power pin not driven by any Output Power pins
    ; error
    @(2850 mils, 2550 mils): Symbol U2 Pin 20 [VSS, Power input, Line]
[pin_not_connected]: Pin not connected
    ; error
    @(3250 mils, 1250 mils): Symbol U2 Pin 11 [VDD_PA, Power output, Line]
[pin_not_connected]: Pin not connected
    ; error
    @(3250 mils, 1450 mils): Symbol U2 Pin 12 [ANT1, Passive, Line]
[pin_not_connected]: Pin not connected
    ; error
    @(3250 mils, 1650 mils): Symbol U2 Pin 13 [ANT2, Passive, Line]
[pin_not_connected]: Pin not connected
    ; error
    @(3250 mils, 2050 mils): Symbol U2 Pin 10 [XC1, Passive, Line]
[pin_not_connected]: Pin not connected
    ; error
    @(3250 mils, 2250 mils): Symbol U2 Pin 9 [XC2, Passive, Line]
[pin_not_connected]: Pin not connected
    ; error
    @(3450 mils, 4050 mils): Symbol mode_change Pin 1 [A, Passive, Line]
[pin_not_connected]: Pin not connected
    ; error
    @(4100 mils, 3400 mils): Symbol send Pin 1 [1, Passive, Line]
[pin_not_connected]: Pin not connected
    ; error
    @(4500 mils, 3400 mils): Symbol send Pin 2 [2, Passive, Line]
[pin_not_connected]: Pin not connected
    ; error
    @(5200 mils, 2650 mils): Symbol U1 Pin 3 [EN, Input, Line]
[pin_not_driven]: Input pin not driven by any Output pins
    ; error
    @(5200 mils, 2650 mils): Symbol U1 Pin 3 [EN, Input, Line]
[pin_not_connected]: Pin not connected
    ; error
    @(5200 mils, 2850 mils): Symbol U1 Pin 4 [SENSOR_VP, Input, Line]
[pin_not_driven]: Input pin not driven by any Output pins
    ; error
    @(5200 mils, 2850 mils): Symbol U1 Pin 4 [SENSOR_VP, Input, Line]
[pin_not_connected]: Pin not connected
    ; error
    @(5200 mils, 2950 mils): Symbol U1 Pin 5 [SENSOR_VN, Input, Line]
[pin_not_driven]: Input pin not driven by any Output pins
    ; error
    @(5200 mils, 2950 mils): Symbol U1 Pin 5 [SENSOR_VN, Input, Line]
[pin_not_connected]: Pin not connected
    ; error
    @(5200 mils, 3850 mils): Symbol U1 Pin 21 [SDO/SD0, Bidirectional, Line]
[pin_not_connected]: Pin not connected
    ; error
    @(5200 mils, 3950 mils): Symbol U1 Pin 22 [SDI/SD1, Bidirectional, Line]
[pin_not_connected]: Pin not connected
    ; error
    @(5200 mils, 4050 mils): Symbol U1 Pin 17 [SHD/SD2, Bidirectional, Line]
[pin_not_connected]: Pin not connected
    ; error
    @(5200 mils, 4150 mils): Symbol U1 Pin 18 [SWP/SD3, Bidirectional, Line]
[pin_not_connected]: Pin not connected
    ; error
    @(5200 mils, 4250 mils): Symbol U1 Pin 20 [SCK/CLK, Bidirectional, Line]
[pin_not_connected]: Pin not connected
    ; error
    @(5200 mils, 4350 mils): Symbol U1 Pin 19 [SCS/CMD, Bidirectional, Line]
[unannotated]: Item not annotated: 3v3out?
    ; error
    @(5400 mils, 3650 mils): Symbol 3v3out [Conn_01x01]
[pin_not_connected]: Pin not connected
    ; error
    @(5800 mils, 2450 mils): Symbol U1 Pin 2 [VDD, Power input, Line]
[power_pin_not_driven]: Input Power pin not driven by any Output Power pins
    ; error
    @(5800 mils, 2450 mils): Symbol U1 Pin 2 [VDD, Power input, Line]
[power_pin_not_driven]: Input Power pin not driven by any Output Power pins
    ; error
    @(5800 mils, 5250 mils): Symbol U1 Pin 1 [GND, Power input, Line]
[pin_not_connected]: Pin not connected
    ; error
    @(6300 mils, 5950 mils): Symbol sendbtn Pin 1 [Passive, Line]
[pin_not_connected]: Pin not connected
    ; error
    @(6300 mils, 6250 mils): Symbol sendbtn Pin 2 [Passive, Line]
[pin_not_connected]: Pin not connected
    ; error
    @(6400 mils, 2650 mils): Symbol U1 Pin 25 [IO0, Bidirectional, Line]
[pin_not_connected]: Pin not connected
    ; error
    @(6400 mils, 2750 mils): Symbol U1 Pin 35 [TXD0/IO1, Bidirectional, Line]
[pin_not_connected]: Pin not connected
    ; error
    @(6400 mils, 2950 mils): Symbol U1 Pin 34 [RXD0/IO3, Bidirectional, Line]
[pin_not_connected]: Pin not connected
    ; error
    @(6400 mils, 3650 mils): Symbol U1 Pin 27 [IO16, Bidirectional, Line]
[pin_not_connected]: Pin not connected
    ; error
    @(6400 mils, 4950 mils): Symbol U1 Pin 7 [IO35, Input, Line]
[pin_not_driven]: Input pin not driven by any Output pins
    ; error
    @(6400 mils, 4950 mils): Symbol U1 Pin 7 [IO35, Input, Line]
[pin_not_connected]: Pin not connected
    ; error
    @(8150 mils, 5550 mils): Symbol ledcurrent Pin 1 [Passive, Line]
[pin_not_connected]: Pin not connected
    ; error
    @(8150 mils, 5850 mils): Symbol ledcurrent Pin 2 [Passive, Line]
[pin_not_connected]: Pin not connected
    ; error
    @(8550 mils, 1950 mils): Symbol D1 Pin 1 [K, Passive, Line]
[pin_not_connected]: Pin not connected
    ; error
    @(8850 mils, 1950 mils): Symbol D1 Pin 2 [A, Passive, Line]
[multiple_net_names]: Both hw gnd and oled gnd are attached to the same items; hw gnd will be used in the netlist
    ; warning
    @(5450 mils, 6050 mils): Label 'hw gnd'
    @(1950 mils, 5550 mils): Label 'oled gnd'
[multiple_net_names]: Both VCC TO 3V3 and capacitor 1 to 3v3 are attached to the same items; VCC TO 3V3 will be used in the netlist
    ; warning
    @(2200 mils, 4750 mils): Label 'VCC TO 3V3'
    @(3500 mils, 6500 mils): Label 'capacitor 1 to 3v3'

 ** ERC messages: 67  Errors 65  Warnings 2

 ** Ignored checks:
    - Global label only appears once in the schematic
    - Four connection points are joined together
    - SPICE model issue
    - Assigned footprint doesn't match footprint filters
